#
# There is insufficient memory for the Java Runtime Environment to continue.
# Native memory allocation (malloc) failed to allocate 1048576 bytes. Error detail: AllocateHeap
# Possible reasons:
#   The system is out of physical RAM or swap space
#   This process is running with CompressedOops enabled, and the Java Heap may be blocking the growth of the native heap
# Possible solutions:
#   Reduce memory load on the system
#   Increase physical memory or swap space
#   Check if swap backing store is full
#   Decrease Java heap size (-Xmx/-Xms)
#   Decrease number of Java threads
#   Decrease Java thread stack sizes (-Xss)
#   Set larger code cache with -XX:ReservedCodeCacheSize=
#   JVM is running with Unscaled Compressed Oops mode in which the Java heap is
#     placed in the first 4GB address space. The Java Heap base address is the
#     maximum limit for the native heap growth. Please use -XX:HeapBaseMinAddress
#     to set the Java Heap base and to place the Java Heap above 4GB virtual address.
# This output file may be truncated or incomplete.
#
#  Out of Memory Error (allocation.cpp:44), pid=13076, tid=4024
#
# JRE version: OpenJDK Runtime Environment Temurin-21.0.9+10 (21.0.9+10) (build 21.0.9+10-LTS)
# Java VM: OpenJDK 64-Bit Server VM Temurin-21.0.9+10 (21.0.9+10-LTS, mixed mode, sharing, tiered, compressed oops, compressed class ptrs, parallel gc, windows-amd64)
# No core dump will be written. Minidumps are not enabled by default on client versions of Windows
#

---------------  S U M M A R Y ------------

Command Line: --add-modules=ALL-SYSTEM --add-opens=java.base/java.util=ALL-UNNAMED --add-opens=java.base/java.lang=ALL-UNNAMED --add-opens=java.base/sun.nio.fs=ALL-UNNAMED -Declipse.application=org.eclipse.jdt.ls.core.id1 -Dosgi.bundles.defaultStartLevel=4 -Declipse.product=org.eclipse.jdt.ls.core.product -Djava.import.generatesMetadataFilesAtProjectRoot=false -DDetectVMInstallationsJob.disabled=true -Dfile.encoding=utf8 -XX:+UseParallelGC -XX:GCTimeRatio=4 -XX:AdaptiveSizePolicyWeight=90 -Dsun.zip.disableMemoryMapping=true -Xmx2G -Xms100m -Xlog:disable -javaagent:c:\Users\andre\.antigravity\extensions\redhat.java-1.52.0-win32-x64\lombok\lombok-1.18.39-4050.jar -XX:+HeapDumpOnOutOfMemoryError -XX:HeapDumpPath=c:\Users\andre\AppData\Roaming\Antigravity\User\workspaceStorage\ad097c45b0b830acc1bdaa876132e141\redhat.java -Daether.dependencyCollector.impl=bf c:\Users\andre\.antigravity\extensions\redhat.java-1.52.0-win32-x64\server\plugins\org.eclipse.equinox.launcher_1.7.100.v20251111-0406.jar -configuration c:\Users\andre\AppData\Roaming\Antigravity\User\globalStorage\redhat.java\1.52.0\config_win -data c:\Users\andre\AppData\Roaming\Antigravity\User\workspaceStorage\ad097c45b0b830acc1bdaa876132e141\redhat.java\jdt_ws --pipe=\\.\pipe\lsp-e3bfe7f97cc1f26ad17e4beb2836e9bb-sock

Host: Intel(R) Core(TM) i5-10300H CPU @ 2.50GHz, 8 cores, 15G,  Windows 11 , 64 bit Build 26100 (10.0.26100.7623)
Time: Thu Feb  5 00:17:50 2026 Hora est. Pacífico, Sudamérica elapsed time: 1142.882491 seconds (0d 0h 19m 2s)

---------------  T H R E A D  ---------------

Current thread (0x000001a8ab7099c0):  JavaThread "Attach Listener" daemon [_thread_in_vm, id=4024, stack(0x0000009d8a500000,0x0000009d8a600000) (1024K)]

Stack: [0x0000009d8a500000,0x0000009d8a600000]
Native frames: (J=compiled Java code, j=interpreted, Vv=VM code, C=native code)
V  [jvm.dll+0x6d6e29]
V  [jvm.dll+0x8b4b76]
V  [jvm.dll+0x8b712e]
V  [jvm.dll+0x8b7813]
V  [jvm.dll+0x283d86]
V  [jvm.dll+0xc1277]
V  [jvm.dll+0x6d76d9]
V  [jvm.dll+0x133466]
V  [jvm.dll+0x3f7ea6]
V  [jvm.dll+0x85e9ad]
V  [jvm.dll+0x6d565d]
C  [ucrtbase.dll+0x37b0]
C  [KERNEL32.DLL+0x2e8d7]
C  [ntdll.dll+0x8c53c]


---------------  P R O C E S S  ---------------

Threads class SMR info:
_java_thread_list=0x000001a90cc037f0, length=35, elements={
0x000001a8a929a950, 0x000001a8ab84bd50, 0x000001a8ab84e6b0, 0x000001a8ab706e60,
0x000001a8ab7099c0, 0x000001a8ab70a410, 0x000001a8ab70ae60, 0x000001a8ab70bc90,
0x000001a904af0180, 0x000001a904ce5e70, 0x000001a904dce430, 0x000001a909427a40,
0x000001a9096cb570, 0x000001a9095e6e30, 0x000001a9095fcd40, 0x000001a909ca8e40,
0x000001a909b3d6a0, 0x000001a909fde9a0, 0x000001a909eb3610, 0x000001a90a2800a0,
0x000001a90a281ae0, 0x000001a90a282170, 0x000001a90b1e82f0, 0x000001a90b1e9d30,
0x000001a90b1eaa50, 0x000001a90b1eb0e0, 0x000001a90b1e8980, 0x000001a90b1e9010,
0x000001a90b1e96a0, 0x000001a90b1ea3c0, 0x000001a90938aa10, 0x000001a9093882b0,
0x000001a90d515dd0, 0x000001a909388940, 0x000001a90a282800
}

Java Threads: ( => current thread )
  0x000001a8a929a950 JavaThread "main"                              [_thread_blocked, id=19884, stack(0x0000009d89e00000,0x0000009d89f00000) (1024K)]
  0x000001a8ab84bd50 JavaThread "Reference Handler"          daemon [_thread_blocked, id=9648, stack(0x0000009d8a200000,0x0000009d8a300000) (1024K)]
  0x000001a8ab84e6b0 JavaThread "Finalizer"                  daemon [_thread_blocked, id=7740, stack(0x0000009d8a300000,0x0000009d8a400000) (1024K)]
  0x000001a8ab706e60 JavaThread "Signal Dispatcher"          daemon [_thread_blocked, id=18160, stack(0x0000009d8a400000,0x0000009d8a500000) (1024K)]
=>0x000001a8ab7099c0 JavaThread "Attach Listener"            daemon [_thread_in_vm, id=4024, stack(0x0000009d8a500000,0x0000009d8a600000) (1024K)]
  0x000001a8ab70a410 JavaThread "Service Thread"             daemon [_thread_blocked, id=5164, stack(0x0000009d8a600000,0x0000009d8a700000) (1024K)]
  0x000001a8ab70ae60 JavaThread "Monitor Deflation Thread"   daemon [_thread_blocked, id=18528, stack(0x0000009d8a700000,0x0000009d8a800000) (1024K)]
  0x000001a8ab70bc90 JavaThread "C2 CompilerThread0"         daemon [_thread_blocked, id=17772, stack(0x0000009d8a800000,0x0000009d8a900000) (1024K)]
  0x000001a904af0180 JavaThread "C1 CompilerThread0"         daemon [_thread_blocked, id=11488, stack(0x0000009d8a900000,0x0000009d8aa00000) (1024K)]
  0x000001a904ce5e70 JavaThread "Common-Cleaner"             daemon [_thread_blocked, id=1804, stack(0x0000009d8aa00000,0x0000009d8ab00000) (1024K)]
  0x000001a904dce430 JavaThread "Notification Thread"        daemon [_thread_blocked, id=1164, stack(0x0000009d8ab00000,0x0000009d8ac00000) (1024K)]
  0x000001a909427a40 JavaThread "Active Thread: Equinox Container: 73a927f0-5b02-4709-9181-bb2d4ea99d5b"        [_thread_blocked, id=19600, stack(0x0000009d8ac00000,0x0000009d8ad00000) (1024K)]
  0x000001a9096cb570 JavaThread "Refresh Thread: Equinox Container: 73a927f0-5b02-4709-9181-bb2d4ea99d5b" daemon [_thread_blocked, id=14152, stack(0x0000009d8b400000,0x0000009d8b500000) (1024K)]
  0x000001a9095e6e30 JavaThread "Framework Event Dispatcher: Equinox Container: 73a927f0-5b02-4709-9181-bb2d4ea99d5b" daemon [_thread_blocked, id=11912, stack(0x0000009d8b500000,0x0000009d8b600000) (1024K)]
  0x000001a9095fcd40 JavaThread "Start Level: Equinox Container: 73a927f0-5b02-4709-9181-bb2d4ea99d5b" daemon [_thread_blocked, id=908, stack(0x0000009d8b600000,0x0000009d8b700000) (1024K)]
  0x000001a909ca8e40 JavaThread "Bundle File Closer"         daemon [_thread_blocked, id=5036, stack(0x0000009d8b900000,0x0000009d8ba00000) (1024K)]
  0x000001a909b3d6a0 JavaThread "SCR Component Actor"        daemon [_thread_blocked, id=13444, stack(0x0000009d8b700000,0x0000009d8b800000) (1024K)]
  0x000001a909fde9a0 JavaThread "Worker-JM"                         [_thread_blocked, id=19488, stack(0x0000009d8b800000,0x0000009d8b900000) (1024K)]
  0x000001a909eb3610 JavaThread "JNA Cleaner"                daemon [_thread_blocked, id=17636, stack(0x0000009d8ba00000,0x0000009d8bb00000) (1024K)]
  0x000001a90a2800a0 JavaThread "Java indexing"              daemon [_thread_blocked, id=10620, stack(0x0000009d8bf00000,0x0000009d8c000000) (1024K)]
  0x000001a90a281ae0 JavaThread "Thread-1"                   daemon [_thread_in_native, id=6536, stack(0x0000009d8be00000,0x0000009d8bf00000) (1024K)]
  0x000001a90a282170 JavaThread "Thread-2"                   daemon [_thread_in_native, id=14900, stack(0x0000009d8c500000,0x0000009d8c600000) (1024K)]
  0x000001a90b1e82f0 JavaThread "Thread-3"                   daemon [_thread_in_native, id=19908, stack(0x0000009d8c600000,0x0000009d8c700000) (1024K)]
  0x000001a90b1e9d30 JavaThread "Thread-4"                   daemon [_thread_in_native, id=13612, stack(0x0000009d8c700000,0x0000009d8c800000) (1024K)]
  0x000001a90b1eaa50 JavaThread "Thread-5"                   daemon [_thread_in_native, id=17888, stack(0x0000009d8c800000,0x0000009d8c900000) (1024K)]
  0x000001a90b1eb0e0 JavaThread "Thread-6"                   daemon [_thread_in_native, id=14812, stack(0x0000009d8c900000,0x0000009d8ca00000) (1024K)]
  0x000001a90b1e8980 JavaThread "Thread-7"                   daemon [_thread_in_native, id=10004, stack(0x0000009d8ca00000,0x0000009d8cb00000) (1024K)]
  0x000001a90b1e9010 JavaThread "Thread-8"                   daemon [_thread_in_native, id=17020, stack(0x0000009d8cb00000,0x0000009d8cc00000) (1024K)]
  0x000001a90b1e96a0 JavaThread "Thread-9"                   daemon [_thread_in_native, id=11516, stack(0x0000009d8cc00000,0x0000009d8cd00000) (1024K)]
  0x000001a90b1ea3c0 JavaThread "pool-2-thread-1"                   [_thread_blocked, id=19204, stack(0x0000009d8cd00000,0x0000009d8ce00000) (1024K)]
  0x000001a90938aa10 JavaThread "WorkspaceEventsHandler"            [_thread_blocked, id=6500, stack(0x0000009d8bd00000,0x0000009d8be00000) (1024K)]
  0x000001a9093882b0 JavaThread "pool-1-thread-1"                   [_thread_blocked, id=12040, stack(0x0000009d8ce00000,0x0000009d8cf00000) (1024K)]
  0x000001a90d515dd0 JavaThread "Cleaner-0"                  daemon [_thread_blocked, id=11840, stack(0x0000009d8d000000,0x0000009d8d100000) (1024K)]
  0x000001a909388940 JavaThread "Worker-5"                          [_thread_blocked, id=8060, stack(0x0000009d8c100000,0x0000009d8c200000) (1024K)]
  0x000001a90a282800 JavaThread "Worker-6"                          [_thread_blocked, id=20900, stack(0x0000009d8bb00000,0x0000009d8bc00000) (1024K)]
Total: 35

Other Threads:
  0x000001a8ab701c90 VMThread "VM Thread"                           [id=8844, stack(0x0000009d8a100000,0x0000009d8a200000) (1024K)] _threads_hazard_ptr=0x000001a90cc037f0
  0x000001a8ab61ca00 WatcherThread "VM Periodic Task Thread"        [id=13516, stack(0x0000009d8a000000,0x0000009d8a100000) (1024K)]
  0x000001a8ab7ae7c0 WorkerThread "GC Thread#0"                     [id=11656, stack(0x0000009d89f00000,0x0000009d8a000000) (1024K)]
  0x000001a90918ea30 WorkerThread "GC Thread#1"                     [id=20400, stack(0x0000009d8ad00000,0x0000009d8ae00000) (1024K)]
  0x000001a904ddea60 WorkerThread "GC Thread#2"                     [id=8932, stack(0x0000009d8ae00000,0x0000009d8af00000) (1024K)]
  0x000001a904ddee00 WorkerThread "GC Thread#3"                     [id=18932, stack(0x0000009d8af00000,0x0000009d8b000000) (1024K)]
  0x000001a9093dec50 WorkerThread "GC Thread#4"                     [id=12980, stack(0x0000009d8b000000,0x0000009d8b100000) (1024K)]
  0x000001a9093deff0 WorkerThread "GC Thread#5"                     [id=1784, stack(0x0000009d8b100000,0x0000009d8b200000) (1024K)]
  0x000001a9093df390 WorkerThread "GC Thread#6"                     [id=17276, stack(0x0000009d8b200000,0x0000009d8b300000) (1024K)]
  0x000001a9096eb4d0 WorkerThread "GC Thread#7"                     [id=17268, stack(0x0000009d8b300000,0x0000009d8b400000) (1024K)]
Total: 10

Threads with active compile tasks:
Total: 0

VM state: not at safepoint (normal execution)

VM Mutex/Monitor currently owned by a thread: None

Heap address: 0x0000000080000000, size: 2048 MB, Compressed Oops mode: 32-bit

CDS archive(s) mapped at: [0x000001a8c3000000-0x000001a8c3ba0000-0x000001a8c3ba0000), size 12189696, SharedBaseAddress: 0x000001a8c3000000, ArchiveRelocationMode: 1.
Compressed class space mapped at: 0x000001a8c4000000-0x000001a904000000, reserved size: 1073741824
Narrow klass base: 0x000001a8c3000000, Narrow klass shift: 0, Narrow klass range: 0x100000000

GC Precious Log:
 CardTable entry size: 512
 CPUs: 8 total, 8 available
 Memory: 16220M
 Large Page Support: Disabled
 NUMA Support: Disabled
 Compressed Oops: Enabled (32-bit)
 Alignments: Space 512K, Generation 512K, Heap 2M
 Heap Min Capacity: 100M
 Heap Initial Capacity: 100M
 Heap Max Capacity: 2G
 Pre-touch: Disabled
 Parallel Workers: 8

Heap:
 PSYoungGen      total 6144K, used 4147K [0x00000000d5580000, 0x00000000d5c80000, 0x0000000100000000)
  eden space 5120K, 76% used [0x00000000d5580000,0x00000000d594cdc8,0x00000000d5a80000)
  from space 1024K, 25% used [0x00000000d5a80000,0x00000000d5ac0000,0x00000000d5b80000)
  to   space 512K, 0% used [0x00000000d5c00000,0x00000000d5c00000,0x00000000d5c80000)
 ParOldGen       total 188416K, used 188327K [0x0000000080000000, 0x000000008b800000, 0x00000000d5580000)
  object space 188416K, 99% used [0x0000000080000000,0x000000008b7e9fc0,0x000000008b800000)
 Metaspace       used 83599K, committed 85376K, reserved 1179648K
  class space    used 8701K, committed 9536K, reserved 1048576K

Card table byte_map: [0x000001a8ab130000,0x000001a8ab540000] _byte_map_base: 0x000001a8aad30000

Marking Bits: (ParMarkBitMap*) 0x00007ffb6aeb2460
 Begin Bits: [0x000001a8bdc40000, 0x000001a8bfc40000)
 End Bits:   [0x000001a8bfc40000, 0x000001a8c1c40000)

Polling page: 0x000001a8a9570000

Metaspace:

Usage:
  Non-class:     73.14 MB used.
      Class:      8.50 MB used.
       Both:     81.64 MB used.

Virtual space:
  Non-class space:      128.00 MB reserved,      74.06 MB ( 58%) committed,  2 nodes.
      Class space:        1.00 GB reserved,       9.31 MB ( <1%) committed,  1 nodes.
             Both:        1.12 GB reserved,      83.38 MB (  7%) committed. 

Chunk freelists:
   Non-Class:  5.75 MB
       Class:  6.66 MB
        Both:  12.41 MB

MaxMetaspaceSize: unlimited
CompressedClassSpaceSize: 1.00 GB
Initial GC threshold: 21.00 MB
Current GC threshold: 128.12 MB
CDS: on
 - commit_granule_bytes: 65536.
 - commit_granule_words: 8192.
 - virtual_space_node_default_size: 8388608.
 - enlarge_chunks_in_place: 1.
 - use_allocation_guard: 0.


Internal statistics:

num_allocs_failed_limit: 9.
num_arena_births: 1554.
num_arena_deaths: 16.
num_vsnodes_births: 3.
num_vsnodes_deaths: 0.
num_space_committed: 1334.
num_space_uncommitted: 0.
num_chunks_returned_to_freelist: 26.
num_chunks_taken_from_freelist: 5485.
num_chunk_merges: 12.
num_chunk_splits: 3367.
num_chunks_enlarged: 1887.
num_inconsistent_stats: 0.

CodeHeap 'non-profiled nmethods': size=120000Kb used=16782Kb max_used=16782Kb free=103217Kb
 bounds [0x000001a8b6460000, 0x000001a8b74d0000, 0x000001a8bd990000]
CodeHeap 'profiled nmethods': size=120000Kb used=38983Kb max_used=38983Kb free=81016Kb
 bounds [0x000001a8ae990000, 0x000001a8b0fb0000, 0x000001a8b5ec0000]
CodeHeap 'non-nmethods': size=5760Kb used=1515Kb max_used=1596Kb free=4244Kb
 bounds [0x000001a8b5ec0000, 0x000001a8b6130000, 0x000001a8b6460000]
CodeCache: size=245760Kb, used=57280Kb, max_used=57361Kb, free=188477Kb
 total_blobs=16719, nmethods=15882, adapters=740, full_count=0
Compilation: enabled, stopped_count=0, restarted_count=0

Compilation events (20 events):
Event: 834.657 Thread 0x000001a904af0180 17524       3       java.io.BufferedWriter::<init> (42 bytes)
Event: 834.658 Thread 0x000001a904af0180 nmethod 17524 0x000001a8b0f9c210 code [0x000001a8b0f9c3e0, 0x000001a8b0f9c718]
Event: 875.358 Thread 0x000001a904af0180 17525   !   3       java.util.concurrent.locks.AbstractQueuedSynchronizer::reacquire (64 bytes)
Event: 875.358 Thread 0x000001a904af0180 nmethod 17525 0x000001a8b0f9c890 code [0x000001a8b0f9ca60, 0x000001a8b0f9cdd0]
Event: 1067.537 Thread 0x000001a904af0180 17527       3       java.util.concurrent.ScheduledThreadPoolExecutor$ScheduledFutureTask::isPeriodic (15 bytes)
Event: 1067.537 Thread 0x000001a904af0180 nmethod 17527 0x000001a8b0f9cf90 code [0x000001a8b0f9d120, 0x000001a8b0f9d288]
Event: 1077.545 Thread 0x000001a904af0180 17528       3       java.util.concurrent.locks.AbstractQueuedSynchronizer$ConditionObject::unlinkCancelledWaiters (91 bytes)
Event: 1077.545 Thread 0x000001a904af0180 nmethod 17528 0x000001a8b0f9d310 code [0x000001a8b0f9d4c0, 0x000001a8b0f9d850]
Event: 1115.412 Thread 0x000001a904af0180 17530   !   3       java.util.concurrent.ScheduledThreadPoolExecutor$DelayedWorkQueue::take (203 bytes)
Event: 1115.413 Thread 0x000001a904af0180 nmethod 17530 0x000001a8b0f9d990 code [0x000001a8b0f9dd60, 0x000001a8b0f9f600]
Event: 1115.413 Thread 0x000001a904af0180 17529       3       java.util.concurrent.ScheduledThreadPoolExecutor$DelayedWorkQueue::take (5 bytes)
Event: 1115.413 Thread 0x000001a904af0180 nmethod 17529 0x000001a8b0fa0110 code [0x000001a8b0fa02c0, 0x000001a8b0fa0418]
Event: 1117.566 Thread 0x000001a904af0180 17531       3       java.util.concurrent.ScheduledThreadPoolExecutor::triggerTime (22 bytes)
Event: 1117.566 Thread 0x000001a904af0180 nmethod 17531 0x000001a8b0fa0510 code [0x000001a8b0fa06c0, 0x000001a8b0fa08a0]
Event: 1117.566 Thread 0x000001a904af0180 17532       3       java.util.concurrent.ScheduledThreadPoolExecutor$DelayedWorkQueue::add (9 bytes)
Event: 1117.567 Thread 0x000001a904af0180 nmethod 17532 0x000001a8b0fa0990 code [0x000001a8b0fa0b60, 0x000001a8b0fa0e38]
Event: 1117.567 Thread 0x000001a904af0180 17533       3       java.util.concurrent.ThreadPoolExecutor::ensurePrestart (41 bytes)
Event: 1117.567 Thread 0x000001a904af0180 nmethod 17533 0x000001a8b0fa0f10 code [0x000001a8b0fa10e0, 0x000001a8b0fa1390]
Event: 1137.584 Thread 0x000001a904af0180 17534       3       java.util.concurrent.ScheduledThreadPoolExecutor$ScheduledFutureTask::run (57 bytes)
Event: 1137.584 Thread 0x000001a904af0180 nmethod 17534 0x000001a8b0fa1490 code [0x000001a8b0fa16c0, 0x000001a8b0fa1c30]

GC Heap History (20 events):
Event: 535.875 GC heap before
{Heap before GC invocations=522 (full 4):
 PSYoungGen      total 6144K, used 5530K [0x00000000d5580000, 0x00000000d5d80000, 0x0000000100000000)
  eden space 5120K, 100% used [0x00000000d5580000,0x00000000d5a80000,0x00000000d5a80000)
  from space 1024K, 40% used [0x00000000d5b80000,0x00000000d5be68c8,0x00000000d5c80000)
  to   space 512K, 0% used [0x00000000d5d00000,0x00000000d5d00000,0x00000000d5d80000)
 ParOldGen       total 183808K, used 183354K [0x0000000080000000, 0x000000008b380000, 0x00000000d5580000)
  object space 183808K, 99% used [0x0000000080000000,0x000000008b30ead8,0x000000008b380000)
 Metaspace       used 83211K, committed 84992K, reserved 1179648K
  class space    used 8669K, committed 9472K, reserved 1048576K
}
Event: 535.878 GC heap after
{Heap after GC invocations=522 (full 4):
 PSYoungGen      total 5632K, used 270K [0x00000000d5580000, 0x00000000d5d80000, 0x0000000100000000)
  eden space 5120K, 0% used [0x00000000d5580000,0x00000000d5580000,0x00000000d5a80000)
  from space 512K, 52% used [0x00000000d5d00000,0x00000000d5d43b00,0x00000000d5d80000)
  to   space 512K, 0% used [0x00000000d5c80000,0x00000000d5c80000,0x00000000d5d00000)
 ParOldGen       total 183808K, used 183636K [0x0000000080000000, 0x000000008b380000, 0x00000000d5580000)
  object space 183808K, 99% used [0x0000000080000000,0x000000008b3553a0,0x000000008b380000)
 Metaspace       used 83211K, committed 84992K, reserved 1179648K
  class space    used 8669K, committed 9472K, reserved 1048576K
}
Event: 535.888 GC heap before
{Heap before GC invocations=523 (full 4):
 PSYoungGen      total 5632K, used 5390K [0x00000000d5580000, 0x00000000d5d80000, 0x0000000100000000)
  eden space 5120K, 100% used [0x00000000d5580000,0x00000000d5a80000,0x00000000d5a80000)
  from space 512K, 52% used [0x00000000d5d00000,0x00000000d5d43b00,0x00000000d5d80000)
  to   space 512K, 0% used [0x00000000d5c80000,0x00000000d5c80000,0x00000000d5d00000)
 ParOldGen       total 183808K, used 183636K [0x0000000080000000, 0x000000008b380000, 0x00000000d5580000)
  object space 183808K, 99% used [0x0000000080000000,0x000000008b3553a0,0x000000008b380000)
 Metaspace       used 83211K, committed 84992K, reserved 1179648K
  class space    used 8669K, committed 9472K, reserved 1048576K
}
Event: 535.889 GC heap after
{Heap after GC invocations=523 (full 4):
 PSYoungGen      total 5632K, used 420K [0x00000000d5580000, 0x00000000d5d80000, 0x0000000100000000)
  eden space 5120K, 0% used [0x00000000d5580000,0x00000000d5580000,0x00000000d5a80000)
  from space 512K, 82% used [0x00000000d5c80000,0x00000000d5ce9210,0x00000000d5d00000)
  to   space 512K, 0% used [0x00000000d5d00000,0x00000000d5d00000,0x00000000d5d80000)
 ParOldGen       total 183808K, used 183684K [0x0000000080000000, 0x000000008b380000, 0x00000000d5580000)
  object space 183808K, 99% used [0x0000000080000000,0x000000008b3613a0,0x000000008b380000)
 Metaspace       used 83211K, committed 84992K, reserved 1179648K
  class space    used 8669K, committed 9472K, reserved 1048576K
}
Event: 535.897 GC heap before
{Heap before GC invocations=524 (full 4):
 PSYoungGen      total 5632K, used 5540K [0x00000000d5580000, 0x00000000d5d80000, 0x0000000100000000)
  eden space 5120K, 100% used [0x00000000d5580000,0x00000000d5a80000,0x00000000d5a80000)
  from space 512K, 82% used [0x00000000d5c80000,0x00000000d5ce9210,0x00000000d5d00000)
  to   space 512K, 0% used [0x00000000d5d00000,0x00000000d5d00000,0x00000000d5d80000)
 ParOldGen       total 183808K, used 183684K [0x0000000080000000, 0x000000008b380000, 0x00000000d5580000)
  object space 183808K, 99% used [0x0000000080000000,0x000000008b3613a0,0x000000008b380000)
 Metaspace       used 83212K, committed 84992K, reserved 1179648K
  class space    used 8669K, committed 9472K, reserved 1048576K
}
Event: 535.898 GC heap after
{Heap after GC invocations=524 (full 4):
 PSYoungGen      total 5632K, used 512K [0x00000000d5580000, 0x00000000d5d80000, 0x0000000100000000)
  eden space 5120K, 0% used [0x00000000d5580000,0x00000000d5580000,0x00000000d5a80000)
  from space 512K, 100% used [0x00000000d5d00000,0x00000000d5d80000,0x00000000d5d80000)
  to   space 1536K, 0% used [0x00000000d5a80000,0x00000000d5a80000,0x00000000d5c00000)
 ParOldGen       total 184320K, used 184201K [0x0000000080000000, 0x000000008b400000, 0x00000000d5580000)
  object space 184320K, 99% used [0x0000000080000000,0x000000008b3e24c0,0x000000008b400000)
 Metaspace       used 83212K, committed 84992K, reserved 1179648K
  class space    used 8669K, committed 9472K, reserved 1048576K
}
Event: 535.916 GC heap before
{Heap before GC invocations=525 (full 4):
 PSYoungGen      total 5632K, used 5632K [0x00000000d5580000, 0x00000000d5d80000, 0x0000000100000000)
  eden space 5120K, 100% used [0x00000000d5580000,0x00000000d5a80000,0x00000000d5a80000)
  from space 512K, 100% used [0x00000000d5d00000,0x00000000d5d80000,0x00000000d5d80000)
  to   space 1536K, 0% used [0x00000000d5a80000,0x00000000d5a80000,0x00000000d5c00000)
 ParOldGen       total 184320K, used 184201K [0x0000000080000000, 0x000000008b400000, 0x00000000d5580000)
  object space 184320K, 99% used [0x0000000080000000,0x000000008b3e24c0,0x000000008b400000)
 Metaspace       used 83229K, committed 84992K, reserved 1179648K
  class space    used 8669K, committed 9472K, reserved 1048576K
}
Event: 535.917 GC heap after
{Heap after GC invocations=525 (full 4):
 PSYoungGen      total 6656K, used 1504K [0x00000000d5580000, 0x00000000d5e80000, 0x0000000100000000)
  eden space 5120K, 0% used [0x00000000d5580000,0x00000000d5580000,0x00000000d5a80000)
  from space 1536K, 97% used [0x00000000d5a80000,0x00000000d5bf8000,0x00000000d5c00000)
  to   space 2048K, 0% used [0x00000000d5c80000,0x00000000d5c80000,0x00000000d5e80000)
 ParOldGen       total 184832K, used 184733K [0x0000000080000000, 0x000000008b480000, 0x00000000d5580000)
  object space 184832K, 99% used [0x0000000080000000,0x000000008b4674d0,0x000000008b480000)
 Metaspace       used 83229K, committed 84992K, reserved 1179648K
  class space    used 8669K, committed 9472K, reserved 1048576K
}
Event: 535.928 GC heap before
{Heap before GC invocations=526 (full 4):
 PSYoungGen      total 6656K, used 6618K [0x00000000d5580000, 0x00000000d5e80000, 0x0000000100000000)
  eden space 5120K, 99% used [0x00000000d5580000,0x00000000d5a7ea20,0x00000000d5a80000)
  from space 1536K, 97% used [0x00000000d5a80000,0x00000000d5bf8000,0x00000000d5c00000)
  to   space 2048K, 0% used [0x00000000d5c80000,0x00000000d5c80000,0x00000000d5e80000)
 ParOldGen       total 184832K, used 184733K [0x0000000080000000, 0x000000008b480000, 0x00000000d5580000)
  object space 184832K, 99% used [0x0000000080000000,0x000000008b4674d0,0x000000008b480000)
 Metaspace       used 83239K, committed 85056K, reserved 1179648K
  class space    used 8669K, committed 9472K, reserved 1048576K
}
Event: 535.931 GC heap after
{Heap after GC invocations=526 (full 4):
 PSYoungGen      total 5632K, used 320K [0x00000000d5580000, 0x00000000d5d00000, 0x0000000100000000)
  eden space 5120K, 0% used [0x00000000d5580000,0x00000000d5580000,0x00000000d5a80000)
  from space 512K, 62% used [0x00000000d5c80000,0x00000000d5cd0000,0x00000000d5d00000)
  to   space 1024K, 0% used [0x00000000d5b00000,0x00000000d5b00000,0x00000000d5c00000)
 ParOldGen       total 186368K, used 186120K [0x0000000080000000, 0x000000008b600000, 0x00000000d5580000)
  object space 186368K, 99% used [0x0000000080000000,0x000000008b5c23e0,0x000000008b600000)
 Metaspace       used 83239K, committed 85056K, reserved 1179648K
  class space    used 8669K, committed 9472K, reserved 1048576K
}
Event: 535.937 GC heap before
{Heap before GC invocations=527 (full 4):
 PSYoungGen      total 5632K, used 5440K [0x00000000d5580000, 0x00000000d5d00000, 0x0000000100000000)
  eden space 5120K, 100% used [0x00000000d5580000,0x00000000d5a80000,0x00000000d5a80000)
  from space 512K, 62% used [0x00000000d5c80000,0x00000000d5cd0000,0x00000000d5d00000)
  to   space 1024K, 0% used [0x00000000d5b00000,0x00000000d5b00000,0x00000000d5c00000)
 ParOldGen       total 186368K, used 186120K [0x0000000080000000, 0x000000008b600000, 0x00000000d5580000)
  object space 186368K, 99% used [0x0000000080000000,0x000000008b5c23e0,0x000000008b600000)
 Metaspace       used 83241K, committed 85056K, reserved 1179648K
  class space    used 8669K, committed 9472K, reserved 1048576K
}
Event: 535.938 GC heap after
{Heap after GC invocations=527 (full 4):
 PSYoungGen      total 6144K, used 265K [0x00000000d5580000, 0x00000000d5d00000, 0x0000000100000000)
  eden space 5120K, 0% used [0x00000000d5580000,0x00000000d5580000,0x00000000d5a80000)
  from space 1024K, 25% used [0x00000000d5b00000,0x00000000d5b42400,0x00000000d5c00000)
  to   space 512K, 0% used [0x00000000d5c80000,0x00000000d5c80000,0x00000000d5d00000)
 ParOldGen       total 186368K, used 186245K [0x0000000080000000, 0x000000008b600000, 0x00000000d5580000)
  object space 186368K, 99% used [0x0000000080000000,0x000000008b5e1680,0x000000008b600000)
 Metaspace       used 83241K, committed 85056K, reserved 1179648K
  class space    used 8669K, committed 9472K, reserved 1048576K
}
Event: 535.944 GC heap before
{Heap before GC invocations=528 (full 4):
 PSYoungGen      total 6144K, used 5385K [0x00000000d5580000, 0x00000000d5d00000, 0x0000000100000000)
  eden space 5120K, 100% used [0x00000000d5580000,0x00000000d5a80000,0x00000000d5a80000)
  from space 1024K, 25% used [0x00000000d5b00000,0x00000000d5b42400,0x00000000d5c00000)
  to   space 512K, 0% used [0x00000000d5c80000,0x00000000d5c80000,0x00000000d5d00000)
 ParOldGen       total 186368K, used 186245K [0x0000000080000000, 0x000000008b600000, 0x00000000d5580000)
  object space 186368K, 99% used [0x0000000080000000,0x000000008b5e1680,0x000000008b600000)
 Metaspace       used 83241K, committed 85056K, reserved 1179648K
  class space    used 8669K, committed 9472K, reserved 1048576K
}
Event: 535.946 GC heap after
{Heap after GC invocations=528 (full 4):
 PSYoungGen      total 5632K, used 496K [0x00000000d5580000, 0x00000000d5d80000, 0x0000000100000000)
  eden space 5120K, 0% used [0x00000000d5580000,0x00000000d5580000,0x00000000d5a80000)
  from space 512K, 96% used [0x00000000d5c80000,0x00000000d5cfc010,0x00000000d5d00000)
  to   space 1536K, 0% used [0x00000000d5a80000,0x00000000d5a80000,0x00000000d5c00000)
 ParOldGen       total 186880K, used 186766K [0x0000000080000000, 0x000000008b680000, 0x00000000d5580000)
  object space 186880K, 99% used [0x0000000080000000,0x000000008b663a90,0x000000008b680000)
 Metaspace       used 83241K, committed 85056K, reserved 1179648K
  class space    used 8669K, committed 9472K, reserved 1048576K
}
Event: 537.948 GC heap before
{Heap before GC invocations=529 (full 4):
 PSYoungGen      total 5632K, used 5616K [0x00000000d5580000, 0x00000000d5d80000, 0x0000000100000000)
  eden space 5120K, 100% used [0x00000000d5580000,0x00000000d5a80000,0x00000000d5a80000)
  from space 512K, 96% used [0x00000000d5c80000,0x00000000d5cfc010,0x00000000d5d00000)
  to   space 1536K, 0% used [0x00000000d5a80000,0x00000000d5a80000,0x00000000d5c00000)
 ParOldGen       total 186880K, used 186766K [0x0000000080000000, 0x000000008b680000, 0x00000000d5580000)
  object space 186880K, 99% used [0x0000000080000000,0x000000008b663a90,0x000000008b680000)
 Metaspace       used 83255K, committed 85056K, reserved 1179648K
  class space    used 8669K, committed 9472K, reserved 1048576K
}
Event: 537.949 GC heap after
{Heap after GC invocations=529 (full 4):
 PSYoungGen      total 6656K, used 1172K [0x00000000d5580000, 0x00000000d5d80000, 0x0000000100000000)
  eden space 5120K, 0% used [0x00000000d5580000,0x00000000d5580000,0x00000000d5a80000)
  from space 1536K, 76% used [0x00000000d5a80000,0x00000000d5ba5200,0x00000000d5c00000)
  to   space 1536K, 0% used [0x00000000d5c00000,0x00000000d5c00000,0x00000000d5d80000)
 ParOldGen       total 187392K, used 187286K [0x0000000080000000, 0x000000008b700000, 0x00000000d5580000)
  object space 187392K, 99% used [0x0000000080000000,0x000000008b6e5aa0,0x000000008b700000)
 Metaspace       used 83255K, committed 85056K, reserved 1179648K
  class space    used 8669K, committed 9472K, reserved 1048576K
}
Event: 537.962 GC heap before
{Heap before GC invocations=530 (full 4):
 PSYoungGen      total 6656K, used 6292K [0x00000000d5580000, 0x00000000d5d80000, 0x0000000100000000)
  eden space 5120K, 100% used [0x00000000d5580000,0x00000000d5a80000,0x00000000d5a80000)
  from space 1536K, 76% used [0x00000000d5a80000,0x00000000d5ba5200,0x00000000d5c00000)
  to   space 1536K, 0% used [0x00000000d5c00000,0x00000000d5c00000,0x00000000d5d80000)
 ParOldGen       total 187392K, used 187286K [0x0000000080000000, 0x000000008b700000, 0x00000000d5580000)
  object space 187392K, 99% used [0x0000000080000000,0x000000008b6e5aa0,0x000000008b700000)
 Metaspace       used 83274K, committed 85056K, reserved 1179648K
  class space    used 8670K, committed 9472K, reserved 1048576K
}
Event: 537.964 GC heap after
{Heap after GC invocations=530 (full 4):
 PSYoungGen      total 5632K, used 180K [0x00000000d5580000, 0x00000000d5c80000, 0x0000000100000000)
  eden space 5120K, 0% used [0x00000000d5580000,0x00000000d5580000,0x00000000d5a80000)
  from space 512K, 35% used [0x00000000d5c00000,0x00000000d5c2d200,0x00000000d5c80000)
  to   space 1024K, 0% used [0x00000000d5a80000,0x00000000d5a80000,0x00000000d5b80000)
 ParOldGen       total 188416K, used 188295K [0x0000000080000000, 0x000000008b800000, 0x00000000d5580000)
  object space 188416K, 99% used [0x0000000080000000,0x000000008b7e1fc0,0x000000008b800000)
 Metaspace       used 83274K, committed 85056K, reserved 1179648K
  class space    used 8670K, committed 9472K, reserved 1048576K
}
Event: 834.469 GC heap before
{Heap before GC invocations=531 (full 4):
 PSYoungGen      total 5632K, used 5300K [0x00000000d5580000, 0x00000000d5c80000, 0x0000000100000000)
  eden space 5120K, 100% used [0x00000000d5580000,0x00000000d5a80000,0x00000000d5a80000)
  from space 512K, 35% used [0x00000000d5c00000,0x00000000d5c2d200,0x00000000d5c80000)
  to   space 1024K, 0% used [0x00000000d5a80000,0x00000000d5a80000,0x00000000d5b80000)
 ParOldGen       total 188416K, used 188295K [0x0000000080000000, 0x000000008b800000, 0x00000000d5580000)
  object space 188416K, 99% used [0x0000000080000000,0x000000008b7e1fc0,0x000000008b800000)
 Metaspace       used 83325K, committed 85056K, reserved 1179648K
  class space    used 8678K, committed 9472K, reserved 1048576K
}
Event: 834.470 GC heap after
{Heap after GC invocations=531 (full 4):
 PSYoungGen      total 6144K, used 256K [0x00000000d5580000, 0x00000000d5c80000, 0x0000000100000000)
  eden space 5120K, 0% used [0x00000000d5580000,0x00000000d5580000,0x00000000d5a80000)
  from space 1024K, 25% used [0x00000000d5a80000,0x00000000d5ac0000,0x00000000d5b80000)
  to   space 512K, 0% used [0x00000000d5c00000,0x00000000d5c00000,0x00000000d5c80000)
 ParOldGen       total 188416K, used 188327K [0x0000000080000000, 0x000000008b800000, 0x00000000d5580000)
  object space 188416K, 99% used [0x0000000080000000,0x000000008b7e9fc0,0x000000008b800000)
 Metaspace       used 83325K, committed 85056K, reserved 1179648K
  class space    used 8678K, committed 9472K, reserved 1048576K
}

Dll operation events (12 events):
Event: 0.048 Loaded shared library c:\Users\andre\.antigravity\extensions\redhat.java-1.52.0-win32-x64\jre\21.0.9-win32-x86_64\bin\java.dll
Event: 0.348 Loaded shared library c:\Users\andre\.antigravity\extensions\redhat.java-1.52.0-win32-x64\jre\21.0.9-win32-x86_64\bin\zip.dll
Event: 0.437 Loaded shared library C:\Users\andre\.antigravity\extensions\redhat.java-1.52.0-win32-x64\jre\21.0.9-win32-x86_64\bin\instrument.dll
Event: 0.446 Loaded shared library C:\Users\andre\.antigravity\extensions\redhat.java-1.52.0-win32-x64\jre\21.0.9-win32-x86_64\bin\net.dll
Event: 0.450 Loaded shared library C:\Users\andre\.antigravity\extensions\redhat.java-1.52.0-win32-x64\jre\21.0.9-win32-x86_64\bin\nio.dll
Event: 0.456 Loaded shared library C:\Users\andre\.antigravity\extensions\redhat.java-1.52.0-win32-x64\jre\21.0.9-win32-x86_64\bin\zip.dll
Event: 0.525 Loaded shared library C:\Users\andre\.antigravity\extensions\redhat.java-1.52.0-win32-x64\jre\21.0.9-win32-x86_64\bin\jimage.dll
Event: 0.841 Loaded shared library c:\Users\andre\.antigravity\extensions\redhat.java-1.52.0-win32-x64\jre\21.0.9-win32-x86_64\bin\verify.dll
Event: 6.149 Loaded shared library C:\Users\andre\AppData\Roaming\Antigravity\User\globalStorage\redhat.java\1.52.0\config_win\org.eclipse.equinox.launcher\org.eclipse.equinox.launcher.win32.win32.x86_64_1.2.1500.v20260121-1430\eclipse_11919.dll
Event: 10.562 Loaded shared library C:\Users\andre\AppData\Local\Temp\jna-92958282\jna5416155035586900232.dll
Event: 18.632 Loaded shared library C:\Users\andre\.antigravity\extensions\redhat.java-1.52.0-win32-x64\jre\21.0.9-win32-x86_64\bin\sunmscapi.dll
Event: 19.547 Loaded shared library C:\Users\andre\.antigravity\extensions\redhat.java-1.52.0-win32-x64\jre\21.0.9-win32-x86_64\bin\extnet.dll

Deoptimization events (20 events):
Event: 834.514 Thread 0x000001a909388940 Uncommon trap: trap_request=0xffffffde fr.pc=0x000001a8b696607c relative=0x000000000000033c
Event: 834.514 Thread 0x000001a909388940 Uncommon trap: reason=class_check action=maybe_recompile pc=0x000001a8b696607c method=java.io.DataOutputStream.writeByte(I)V @ 5 c2
Event: 834.514 Thread 0x000001a909388940 DEOPT PACKING pc=0x000001a8b696607c sp=0x0000009d8c1feb80
Event: 834.514 Thread 0x000001a909388940 DEOPT UNPACKING pc=0x000001a8b5f13aa2 sp=0x0000009d8c1feb38 mode 2
Event: 834.514 Thread 0x000001a909388940 Uncommon trap: trap_request=0xffffffde fr.pc=0x000001a8b696e410 relative=0x0000000000000450
Event: 834.514 Thread 0x000001a909388940 Uncommon trap: reason=class_check action=maybe_recompile pc=0x000001a8b696e410 method=java.io.DataOutputStream.writeInt(I)V @ 19 c2
Event: 834.514 Thread 0x000001a909388940 DEOPT PACKING pc=0x000001a8b696e410 sp=0x0000009d8c1fe310
Event: 834.514 Thread 0x000001a909388940 DEOPT UNPACKING pc=0x000001a8b5f13aa2 sp=0x0000009d8c1fe2b8 mode 2
Event: 834.522 Thread 0x000001a909388940 Uncommon trap: trap_request=0xffffffde fr.pc=0x000001a8b73c4df4 relative=0x0000000000000614
Event: 834.522 Thread 0x000001a909388940 Uncommon trap: reason=class_check action=maybe_recompile pc=0x000001a8b73c4df4 method=java.io.InputStream.read([BII)I @ 15 c2
Event: 834.522 Thread 0x000001a909388940 DEOPT PACKING pc=0x000001a8b73c4df4 sp=0x0000009d8c1feb10
Event: 834.522 Thread 0x000001a909388940 DEOPT UNPACKING pc=0x000001a8b5f13aa2 sp=0x0000009d8c1feaa8 mode 2
Event: 834.532 Thread 0x000001a909388940 Uncommon trap: trap_request=0xffffffbe fr.pc=0x000001a8b737f610 relative=0x0000000000000490
Event: 834.532 Thread 0x000001a909388940 Uncommon trap: reason=profile_predicate action=maybe_recompile pc=0x000001a8b737f610 method=java.io.InputStream.read([BII)I @ 37 c2
Event: 834.532 Thread 0x000001a909388940 DEOPT PACKING pc=0x000001a8b737f610 sp=0x0000009d8c1feb00
Event: 834.532 Thread 0x000001a909388940 DEOPT UNPACKING pc=0x000001a8b5f13aa2 sp=0x0000009d8c1feab0 mode 2
Event: 834.532 Thread 0x000001a909388940 Uncommon trap: trap_request=0xffffffde fr.pc=0x000001a8b73c4df4 relative=0x0000000000000614
Event: 834.532 Thread 0x000001a909388940 Uncommon trap: reason=class_check action=maybe_recompile pc=0x000001a8b73c4df4 method=java.io.InputStream.read([BII)I @ 15 c2
Event: 834.532 Thread 0x000001a909388940 DEOPT PACKING pc=0x000001a8b73c4df4 sp=0x0000009d8c1feb10
Event: 834.532 Thread 0x000001a909388940 DEOPT UNPACKING pc=0x000001a8b5f13aa2 sp=0x0000009d8c1feaa8 mode 2

Classes loaded (20 events):
Event: 834.465 Loading class java/util/stream/Nodes$CollectorTask$OfRef
Event: 834.465 Loading class java/util/stream/Nodes$CollectorTask
Event: 834.465 Loading class java/util/stream/Nodes$CollectorTask done
Event: 834.465 Loading class java/util/stream/Nodes$CollectorTask$OfRef done
Event: 834.469 Loading class java/util/function/LongFunction
Event: 834.470 Loading class java/util/function/LongFunction done
Event: 834.471 Loading class java/util/stream/Nodes$ConcNode
Event: 834.471 Loading class java/util/stream/Nodes$AbstractConcNode
Event: 834.471 Loading class java/util/stream/Nodes$AbstractConcNode done
Event: 834.471 Loading class java/util/stream/Nodes$ConcNode done
Event: 834.481 Loading class java/util/stream/Nodes$ToArrayTask$OfRef
Event: 834.481 Loading class java/util/stream/Nodes$ToArrayTask
Event: 834.481 Loading class java/util/stream/Nodes$ToArrayTask done
Event: 834.482 Loading class java/util/stream/Nodes$ToArrayTask$OfRef done
Event: 834.492 Loading class java/io/ObjectOutputStream$BlockDataOutputStream
Event: 834.493 Loading class java/io/ObjectOutputStream$BlockDataOutputStream done
Event: 834.493 Loading class java/io/ObjectOutputStream$HandleTable
Event: 834.493 Loading class java/io/ObjectOutputStream$HandleTable done
Event: 834.493 Loading class java/io/ObjectOutputStream$ReplaceTable
Event: 834.493 Loading class java/io/ObjectOutputStream$ReplaceTable done

Classes unloaded (8 events):
Event: 12.134 Thread 0x000001a8ab701c90 Unloading class 0x000001a8c41ad400 'java/lang/invoke/LambdaForm$MH+0x000001a8c41ad400'
Event: 12.134 Thread 0x000001a8ab701c90 Unloading class 0x000001a8c41ad000 'java/lang/invoke/LambdaForm$MH+0x000001a8c41ad000'
Event: 12.134 Thread 0x000001a8ab701c90 Unloading class 0x000001a8c41acc00 'java/lang/invoke/LambdaForm$MH+0x000001a8c41acc00'
Event: 12.134 Thread 0x000001a8ab701c90 Unloading class 0x000001a8c41ac800 'java/lang/invoke/LambdaForm$MH+0x000001a8c41ac800'
Event: 12.134 Thread 0x000001a8ab701c90 Unloading class 0x000001a8c41ac400 'java/lang/invoke/LambdaForm$BMH+0x000001a8c41ac400'
Event: 12.134 Thread 0x000001a8ab701c90 Unloading class 0x000001a8c41ac000 'java/lang/invoke/LambdaForm$DMH+0x000001a8c41ac000'
Event: 12.134 Thread 0x000001a8ab701c90 Unloading class 0x000001a8c41aac00 'java/lang/invoke/LambdaForm$DMH+0x000001a8c41aac00'
Event: 194.992 Thread 0x000001a8ab701c90 Unloading class 0x000001a8c4765c00 'java/lang/invoke/LambdaForm$DMH+0x000001a8c4765c00'

Classes redefined (0 events):
No events

Internal exceptions (20 events):
Event: 534.256 Thread 0x000001a9093882b0 Exception <a 'java/lang/IncompatibleClassChangeError'{0x00000000d55c1ab0}: Found class java.lang.Object, but interface was expected> (0x00000000d55c1ab0) 
thrown [s\src\hotspot\share\interpreter\linkResolver.cpp, line 840]
Event: 534.326 Thread 0x000001a9093882b0 Exception <a 'sun/nio/fs/WindowsException'{0x00000000d55c41f0}> (0x00000000d55c41f0) 
thrown [s\src\hotspot\share\prims\jni.cpp, line 520]
Event: 534.326 Thread 0x000001a9093882b0 Exception <a 'sun/nio/fs/WindowsException'{0x00000000d55c4d88}> (0x00000000d55c4d88) 
thrown [s\src\hotspot\share\prims\jni.cpp, line 520]
Event: 534.622 Thread 0x000001a90a2800a0 Exception <a 'sun/nio/fs/WindowsException'{0x00000000d58add80}> (0x00000000d58add80) 
thrown [s\src\hotspot\share\prims\jni.cpp, line 520]
Event: 534.630 Thread 0x000001a90a2800a0 Implicit null exception at 0x000001a8b73dd120 to 0x000001a8b73dd5e4
Event: 535.568 Thread 0x000001a90a280dc0 Exception <a 'java/lang/NoSuchMethodError'{0x00000000d57dffc0}: 'java.lang.Object java.lang.invoke.DirectMethodHandle$Holder.invokeSpecial(java.lang.Object, java.lang.Object, int, java.lang.Object, java.lang.Object, java.lang.Object, java.lang.Object)'> (0x00000000d57dffc0) 
thrown [s\src\hotspot\share\interpreter\linkResolver.cpp, line 773]
Event: 535.568 Thread 0x000001a90a280dc0 Exception <a 'java/lang/NoSuchMethodError'{0x00000000d57e6f50}: 'java.lang.Object java.lang.invoke.DirectMethodHandle$Holder.newInvokeSpecial(java.lang.Object, java.lang.Object, int, java.lang.Object, java.lang.Object)'> (0x00000000d57e6f50) 
thrown [s\src\hotspot\share\interpreter\linkResolver.cpp, line 773]
Event: 535.568 Thread 0x000001a90a280dc0 Exception <a 'java/lang/NoSuchMethodError'{0x00000000d57eac28}: 'java.lang.Object java.lang.invoke.Invokers$Holder.linkToTargetMethod(java.lang.Object, int, java.lang.Object, java.lang.Object, java.lang.Object)'> (0x00000000d57eac28) 
thrown [s\src\hotspot\share\interpreter\linkResolver.cpp, line 773]
Event: 535.570 Thread 0x000001a90a280dc0 Exception <a 'java/lang/NoSuchMethodError'{0x00000000d5801b70}: 'java.lang.Object java.lang.invoke.DirectMethodHandle$Holder.invokeSpecial(java.lang.Object, java.lang.Object, java.lang.Object, int, java.lang.Object, java.lang.Object, java.lang.Object)'> (0x00000000d5801b70) 
thrown [s\src\hotspot\share\interpreter\linkResolver.cpp, line 773]
Event: 535.571 Thread 0x000001a90a280dc0 Exception <a 'java/lang/NoSuchMethodError'{0x00000000d5809c10}: 'java.lang.Object java.lang.invoke.DirectMethodHandle$Holder.invokeStatic(java.lang.Object, java.lang.Object, int, java.lang.Object, java.lang.Object)'> (0x00000000d5809c10) 
thrown [s\src\hotspot\share\interpreter\linkResolver.cpp, line 773]
Event: 535.682 Thread 0x000001a90a280dc0 Exception <a 'java/io/FileNotFoundException'{0x00000000d5954bf8}> (0x00000000d5954bf8) 
thrown [s\src\hotspot\share\prims\jni.cpp, line 520]
Event: 535.682 Thread 0x000001a90a280dc0 Exception <a 'java/io/FileNotFoundException'{0x00000000d5955f00}> (0x00000000d5955f00) 
thrown [s\src\hotspot\share\prims\jni.cpp, line 520]
Event: 535.682 Thread 0x000001a90a280dc0 Exception <a 'java/io/FileNotFoundException'{0x00000000d5957180}> (0x00000000d5957180) 
thrown [s\src\hotspot\share\prims\jni.cpp, line 520]
Event: 535.687 Thread 0x000001a90a280dc0 Exception <a 'java/lang/NoSuchMethodError'{0x00000000d59ba5c8}: 'int java.lang.invoke.DirectMethodHandle$Holder.invokeStatic(java.lang.Object, java.lang.Object, java.lang.Object, java.lang.Object, java.lang.Object, java.lang.Object)'> (0x00000000d59ba5c8) 
thrown [s\src\hotspot\share\interpreter\linkResolver.cpp, line 773]
Event: 535.698 Thread 0x000001a90a280dc0 Implicit null exception at 0x000001a8b6a6b415 to 0x000001a8b6a6ba48
Event: 834.478 Thread 0x000001a909388940 Exception <a 'sun/nio/fs/WindowsException'{0x00000000d5638e48}> (0x00000000d5638e48) 
thrown [s\src\hotspot\share\prims\jni.cpp, line 520]
Event: 834.478 Thread 0x000001a909388940 Exception <a 'sun/nio/fs/WindowsException'{0x00000000d5639970}> (0x00000000d5639970) 
thrown [s\src\hotspot\share\prims\jni.cpp, line 520]
Event: 834.479 Thread 0x000001a909388940 Implicit null exception at 0x000001a8b6f04f09 to 0x000001a8b6f052b0
Event: 834.511 Thread 0x000001a909388940 Exception <a 'java/lang/NoSuchMethodError'{0x00000000d57171e8}: static [J.<clinit>()V> (0x00000000d57171e8) 
thrown [s\src\hotspot\share\prims\jni.cpp, line 1111]
Event: 834.516 Thread 0x000001a909388940 Exception <a 'java/lang/NoSuchMethodError'{0x00000000d574e7d8}: 'java.lang.Object java.lang.invoke.DirectMethodHandle$Holder.newInvokeSpecial(java.lang.Object, java.lang.Object, java.lang.Object, java.lang.Object, java.lang.Object, java.lang.Object, java.lang.Object, java.lang.Object)'> (0x00000000d574e7d8) 
thrown [s\src\hotspot\share\interpreter\linkResolver.cpp, line 773]

ZGC Phase Switch (0 events):
No events

VM Operations (20 events):
Event: 834.520 Executing VM operation: HandshakeAllThreads (Deoptimize) done
Event: 835.526 Executing VM operation: Cleanup
Event: 835.526 Executing VM operation: Cleanup done
Event: 842.015 Executing VM operation: HandshakeAllThreads (HandshakeForDeflation)
Event: 842.015 Executing VM operation: HandshakeAllThreads (HandshakeForDeflation) done
Event: 842.015 Executing VM operation: RendezvousGCThreads
Event: 842.015 Executing VM operation: RendezvousGCThreads done
Event: 962.222 Executing VM operation: HandshakeAllThreads (HandshakeForDeflation)
Event: 962.222 Executing VM operation: HandshakeAllThreads (HandshakeForDeflation) done
Event: 962.222 Executing VM operation: RendezvousGCThreads
Event: 962.222 Executing VM operation: RendezvousGCThreads done
Event: 1022.278 Executing VM operation: HandshakeAllThreads (HandshakeForDeflation)
Event: 1022.278 Executing VM operation: HandshakeAllThreads (HandshakeForDeflation) done
Event: 1022.278 Executing VM operation: RendezvousGCThreads
Event: 1022.278 Executing VM operation: RendezvousGCThreads done
Event: 1082.325 Executing VM operation: HandshakeAllThreads (HandshakeForDeflation)
Event: 1082.325 Executing VM operation: HandshakeAllThreads (HandshakeForDeflation) done
Event: 1082.325 Executing VM operation: RendezvousGCThreads
Event: 1082.325 Executing VM operation: RendezvousGCThreads done
Event: 1142.514 Executing VM operation: HandshakeAllThreads (HandshakeForDeflation)

Memory protections (0 events):
No events

Nmethod flushes (20 events):
Event: 195.016 Thread 0x000001a8ab701c90 flushing  nmethod 0x000001a8afa27110
Event: 195.016 Thread 0x000001a8ab701c90 flushing  nmethod 0x000001a8afa27590
Event: 195.016 Thread 0x000001a8ab701c90 flushing  nmethod 0x000001a8afa28090
Event: 195.016 Thread 0x000001a8ab701c90 flushing  nmethod 0x000001a8afa29690
Event: 195.016 Thread 0x000001a8ab701c90 flushing  nmethod 0x000001a8afa29b10
Event: 195.016 Thread 0x000001a8ab701c90 flushing  nmethod 0x000001a8afa2a210
Event: 195.016 Thread 0x000001a8ab701c90 flushing  nmethod 0x000001a8afa2a690
Event: 195.016 Thread 0x000001a8ab701c90 flushing  nmethod 0x000001a8afa2f910
Event: 195.016 Thread 0x000001a8ab701c90 flushing  nmethod 0x000001a8afa30390
Event: 195.016 Thread 0x000001a8ab701c90 flushing  nmethod 0x000001a8afa30810
Event: 195.016 Thread 0x000001a8ab701c90 flushing  nmethod 0x000001a8afa35a10
Event: 195.016 Thread 0x000001a8ab701c90 flushing  nmethod 0x000001a8afa36490
Event: 195.016 Thread 0x000001a8ab701c90 flushing  nmethod 0x000001a8afa38310
Event: 195.016 Thread 0x000001a8ab701c90 flushing  nmethod 0x000001a8afa39990
Event: 195.016 Thread 0x000001a8ab701c90 flushing  nmethod 0x000001a8afa3a610
Event: 195.016 Thread 0x000001a8ab701c90 flushing  nmethod 0x000001a8afa3d490
Event: 195.016 Thread 0x000001a8ab701c90 flushing  nmethod 0x000001a8afa41f90
Event: 195.016 Thread 0x000001a8ab701c90 flushing  nmethod 0x000001a8afa42410
Event: 195.016 Thread 0x000001a8ab701c90 flushing  nmethod 0x000001a8afac2110
Event: 195.016 Thread 0x000001a8ab701c90 flushing  nmethod 0x000001a8afad6490

Events (20 events):
Event: 595.508 Thread 0x000001a909389660 Thread exited: 0x000001a909389660
Event: 595.958 Thread 0x000001a90938a380 Thread exited: 0x000001a90938a380
Event: 597.950 Thread 0x000001a90a282e90 Thread exited: 0x000001a90a282e90
Event: 655.966 Thread 0x000001a90938b730 Thread exited: 0x000001a90938b730
Event: 715.969 Thread 0x000001a909387590 Thread exited: 0x000001a909387590
Event: 775.981 Thread 0x000001a909388fd0 Thread exited: 0x000001a909388fd0
Event: 834.449 Thread 0x000001a909388940 Thread added: 0x000001a90a282800
Event: 834.463 Thread 0x000001a909388940 Thread added: 0x000001a90a282e90
Event: 834.471 Thread 0x000001a90a282e90 Thread exited: 0x000001a90a282e90
Event: 834.480 Thread 0x000001a909388940 Thread added: 0x000001a90a282e90
Event: 834.481 Thread 0x000001a90a282e90 Thread added: 0x000001a90a283520
Event: 834.482 Thread 0x000001a90a282e90 Thread exited: 0x000001a90a282e90
Event: 834.482 Thread 0x000001a90a283520 Thread exited: 0x000001a90a283520
Event: 834.482 Thread 0x000001a904af0180 Thread added: 0x000001a90c2ed580
Event: 834.636 Thread 0x000001a90c2ed580 Thread exited: 0x000001a90c2ed580
Event: 835.264 Thread 0x000001a909387c20 Thread exited: 0x000001a909387c20
Event: 835.995 Thread 0x000001a90938b0a0 Thread exited: 0x000001a90938b0a0
Event: 894.660 Thread 0x000001a90a280dc0 Thread exited: 0x000001a90a280dc0
Event: 896.000 Thread 0x000001a90d51c6d0 Thread exited: 0x000001a90d51c6d0
Event: 956.001 Thread 0x000001a90d51c040 Thread exited: 0x000001a90d51c040


Dynamic libraries:
0x00007ff7206d0000 - 0x00007ff7206de000 	c:\Users\andre\.antigravity\extensions\redhat.java-1.52.0-win32-x64\jre\21.0.9-win32-x86_64\bin\java.exe
0x00007ffbdc340000 - 0x00007ffbdc5a7000 	C:\WINDOWS\SYSTEM32\ntdll.dll
0x00007ffbdc070000 - 0x00007ffbdc139000 	C:\WINDOWS\System32\KERNEL32.DLL
0x00007ffbd9990000 - 0x00007ffbd9d7f000 	C:\WINDOWS\System32\KERNELBASE.dll
0x00007ffbd9d90000 - 0x00007ffbd9edb000 	C:\WINDOWS\System32\ucrtbase.dll
0x00007ffbc1e40000 - 0x00007ffbc1e58000 	c:\Users\andre\.antigravity\extensions\redhat.java-1.52.0-win32-x64\jre\21.0.9-win32-x86_64\bin\jli.dll
0x00007ffbdb340000 - 0x00007ffbdb505000 	C:\WINDOWS\System32\USER32.dll
0x00007ffbd9610000 - 0x00007ffbd9637000 	C:\WINDOWS\System32\win32u.dll
0x00007ffbdac60000 - 0x00007ffbdac8b000 	C:\WINDOWS\System32\GDI32.dll
0x00007ffbd97b0000 - 0x00007ffbd98dc000 	C:\WINDOWS\System32\gdi32full.dll
0x00007ffbd9ee0000 - 0x00007ffbd9f83000 	C:\WINDOWS\System32\msvcp_win.dll
0x00007ffbc1a50000 - 0x00007ffbc1a6e000 	c:\Users\andre\.antigravity\extensions\redhat.java-1.52.0-win32-x64\jre\21.0.9-win32-x86_64\bin\VCRUNTIME140.dll
0x00007ffbc3850000 - 0x00007ffbc3ae3000 	C:\WINDOWS\WinSxS\amd64_microsoft.windows.common-controls_6595b64144ccf1df_6.0.26100.7309_none_3e05feeae336a044\COMCTL32.dll
0x00007ffbda840000 - 0x00007ffbda8e9000 	C:\WINDOWS\System32\msvcrt.dll
0x00007ffbda650000 - 0x00007ffbda681000 	C:\WINDOWS\System32\IMM32.DLL
0x00007ffbd2060000 - 0x00007ffbd206c000 	c:\Users\andre\.antigravity\extensions\redhat.java-1.52.0-win32-x64\jre\21.0.9-win32-x86_64\bin\vcruntime140_1.dll
0x00007ffbaee20000 - 0x00007ffbaeead000 	c:\Users\andre\.antigravity\extensions\redhat.java-1.52.0-win32-x64\jre\21.0.9-win32-x86_64\bin\msvcp140.dll
0x00007ffb6a1f0000 - 0x00007ffb6af90000 	c:\Users\andre\.antigravity\extensions\redhat.java-1.52.0-win32-x64\jre\21.0.9-win32-x86_64\bin\server\jvm.dll
0x00007ffbdc140000 - 0x00007ffbdc1f4000 	C:\WINDOWS\System32\ADVAPI32.dll
0x00007ffbda5a0000 - 0x00007ffbda646000 	C:\WINDOWS\System32\sechost.dll
0x00007ffbdb1c0000 - 0x00007ffbdb2d8000 	C:\WINDOWS\System32\RPCRT4.dll
0x00007ffbdab00000 - 0x00007ffbdab74000 	C:\WINDOWS\System32\WS2_32.dll
0x00007ffbd92f0000 - 0x00007ffbd934e000 	C:\WINDOWS\SYSTEM32\POWRPROF.dll
0x00007ffbc95a0000 - 0x00007ffbc95d5000 	C:\WINDOWS\SYSTEM32\WINMM.dll
0x00007ffbd2800000 - 0x00007ffbd280b000 	C:\WINDOWS\SYSTEM32\VERSION.dll
0x00007ffbd92d0000 - 0x00007ffbd92e4000 	C:\WINDOWS\SYSTEM32\UMPDC.dll
0x00007ffbd8210000 - 0x00007ffbd822b000 	C:\WINDOWS\SYSTEM32\kernel.appcore.dll
0x00007ffbd2030000 - 0x00007ffbd203a000 	c:\Users\andre\.antigravity\extensions\redhat.java-1.52.0-win32-x64\jre\21.0.9-win32-x86_64\bin\jimage.dll
0x00007ffbd6bb0000 - 0x00007ffbd6df2000 	C:\WINDOWS\SYSTEM32\DBGHELP.DLL
0x00007ffbdac90000 - 0x00007ffbdb016000 	C:\WINDOWS\System32\combase.dll
0x00007ffbdab80000 - 0x00007ffbdac56000 	C:\WINDOWS\System32\OLEAUT32.dll
0x00007ffbc0990000 - 0x00007ffbc09cc000 	C:\WINDOWS\SYSTEM32\dbgcore.DLL
0x00007ffbd98e0000 - 0x00007ffbd9985000 	C:\WINDOWS\System32\bcryptPrimitives.dll
0x00007ffbcebd0000 - 0x00007ffbcebdf000 	c:\Users\andre\.antigravity\extensions\redhat.java-1.52.0-win32-x64\jre\21.0.9-win32-x86_64\bin\instrument.dll
0x00007ffbbfd30000 - 0x00007ffbbfd50000 	c:\Users\andre\.antigravity\extensions\redhat.java-1.52.0-win32-x64\jre\21.0.9-win32-x86_64\bin\java.dll
0x00007ffbdb520000 - 0x00007ffbdbc73000 	C:\WINDOWS\System32\SHELL32.dll
0x00007ffbd9640000 - 0x00007ffbd97aa000 	C:\WINDOWS\System32\wintypes.dll
0x00007ffbd7070000 - 0x00007ffbd78ce000 	C:\WINDOWS\SYSTEM32\windows.storage.dll
0x00007ffbdc200000 - 0x00007ffbdc2f5000 	C:\WINDOWS\System32\SHCORE.dll
0x00007ffbdaa80000 - 0x00007ffbdaae6000 	C:\WINDOWS\System32\shlwapi.dll
0x00007ffbd93b0000 - 0x00007ffbd93d9000 	C:\WINDOWS\SYSTEM32\profapi.dll
0x00007ffbbfd10000 - 0x00007ffbbfd28000 	c:\Users\andre\.antigravity\extensions\redhat.java-1.52.0-win32-x64\jre\21.0.9-win32-x86_64\bin\zip.dll
0x00007ffbcb040000 - 0x00007ffbcb050000 	C:\Users\andre\.antigravity\extensions\redhat.java-1.52.0-win32-x64\jre\21.0.9-win32-x86_64\bin\net.dll
0x00007ffbd1f00000 - 0x00007ffbd2028000 	C:\WINDOWS\SYSTEM32\WINHTTP.dll
0x00007ffbd87b0000 - 0x00007ffbd881b000 	C:\WINDOWS\system32\mswsock.dll
0x00007ffbbbc30000 - 0x00007ffbbbc46000 	C:\Users\andre\.antigravity\extensions\redhat.java-1.52.0-win32-x64\jre\21.0.9-win32-x86_64\bin\nio.dll
0x00007ffbc8960000 - 0x00007ffbc8970000 	c:\Users\andre\.antigravity\extensions\redhat.java-1.52.0-win32-x64\jre\21.0.9-win32-x86_64\bin\verify.dll
0x00007ffbbb1b0000 - 0x00007ffbbb1f5000 	C:\Users\andre\AppData\Roaming\Antigravity\User\globalStorage\redhat.java\1.52.0\config_win\org.eclipse.equinox.launcher\org.eclipse.equinox.launcher.win32.win32.x86_64_1.2.1500.v20260121-1430\eclipse_11919.dll
0x00007ffbda6a0000 - 0x00007ffbda837000 	C:\WINDOWS\System32\ole32.dll
0x00007ffbd8a70000 - 0x00007ffbd8a8b000 	C:\WINDOWS\SYSTEM32\CRYPTSP.dll
0x00007ffbd8170000 - 0x00007ffbd81aa000 	C:\WINDOWS\system32\rsaenh.dll
0x00007ffbd8860000 - 0x00007ffbd888b000 	C:\WINDOWS\SYSTEM32\USERENV.dll
0x00007ffbd9380000 - 0x00007ffbd93aa000 	C:\WINDOWS\SYSTEM32\bcrypt.dll
0x00007ffbd8a90000 - 0x00007ffbd8a9c000 	C:\WINDOWS\SYSTEM32\CRYPTBASE.dll
0x00007ffbd7bf0000 - 0x00007ffbd7c24000 	C:\WINDOWS\SYSTEM32\IPHLPAPI.DLL
0x00007ffbdb510000 - 0x00007ffbdb51a000 	C:\WINDOWS\System32\NSI.dll
0x00007ffba7180000 - 0x00007ffba71c9000 	C:\Users\andre\AppData\Local\Temp\jna-92958282\jna5416155035586900232.dll
0x00007ffbda690000 - 0x00007ffbda698000 	C:\WINDOWS\System32\PSAPI.DLL
0x00007ffbd25e0000 - 0x00007ffbd25fe000 	C:\WINDOWS\SYSTEM32\dhcpcsvc6.DLL
0x00007ffbd1e80000 - 0x00007ffbd1ea3000 	C:\WINDOWS\SYSTEM32\dhcpcsvc.DLL
0x00007ffbc6d30000 - 0x00007ffbc6d3e000 	C:\Users\andre\.antigravity\extensions\redhat.java-1.52.0-win32-x64\jre\21.0.9-win32-x86_64\bin\sunmscapi.dll
0x00007ffbd9490000 - 0x00007ffbd9607000 	C:\WINDOWS\System32\CRYPT32.dll
0x00007ffbd8c90000 - 0x00007ffbd8cc0000 	C:\WINDOWS\SYSTEM32\ncrypt.dll
0x00007ffbd8c40000 - 0x00007ffbd8c7f000 	C:\WINDOWS\SYSTEM32\NTASN1.dll
0x00007ffbd7c80000 - 0x00007ffbd7dac000 	C:\WINDOWS\SYSTEM32\DNSAPI.dll
0x00007ffbceb70000 - 0x00007ffbceb7b000 	C:\Windows\System32\rasadhlp.dll
0x00007ffbd14d0000 - 0x00007ffbd1556000 	C:\WINDOWS\System32\fwpuclnt.dll
0x00007ffbc6ce0000 - 0x00007ffbc6ce9000 	C:\Users\andre\.antigravity\extensions\redhat.java-1.52.0-win32-x64\jre\21.0.9-win32-x86_64\bin\extnet.dll

JVMTI agents:
c:\Users\andre\.antigravity\extensions\redhat.java-1.52.0-win32-x64\lombok\lombok-1.18.39-4050.jar path:c:\Users\andre\.antigravity\extensions\redhat.java-1.52.0-win32-x64\jre\21.0.9-win32-x86_64\bin\instrument.dll, loaded, initialized, instrumentlib options:none

dbghelp: loaded successfully - version: 4.0.5 - missing functions: none
symbol engine: initialized successfully - sym options: 0x614 - pdb path: .;c:\Users\andre\.antigravity\extensions\redhat.java-1.52.0-win32-x64\jre\21.0.9-win32-x86_64\bin;C:\WINDOWS\SYSTEM32;C:\WINDOWS\WinSxS\amd64_microsoft.windows.common-controls_6595b64144ccf1df_6.0.26100.7309_none_3e05feeae336a044;c:\Users\andre\.antigravity\extensions\redhat.java-1.52.0-win32-x64\jre\21.0.9-win32-x86_64\bin\server;C:\Users\andre\AppData\Roaming\Antigravity\User\globalStorage\redhat.java\1.52.0\config_win\org.eclipse.equinox.launcher\org.eclipse.equinox.launcher.win32.win32.x86_64_1.2.1500.v20260121-1430;C:\Users\andre\AppData\Local\Temp\jna-92958282

VM Arguments:
jvm_args: --add-modules=ALL-SYSTEM --add-opens=java.base/java.util=ALL-UNNAMED --add-opens=java.base/java.lang=ALL-UNNAMED --add-opens=java.base/sun.nio.fs=ALL-UNNAMED -Declipse.application=org.eclipse.jdt.ls.core.id1 -Dosgi.bundles.defaultStartLevel=4 -Declipse.product=org.eclipse.jdt.ls.core.product -Djava.import.generatesMetadataFilesAtProjectRoot=false -DDetectVMInstallationsJob.disabled=true -Dfile.encoding=utf8 -XX:+UseParallelGC -XX:GCTimeRatio=4 -XX:AdaptiveSizePolicyWeight=90 -Dsun.zip.disableMemoryMapping=true -Xmx2G -Xms100m -Xlog:disable -javaagent:c:\Users\andre\.antigravity\extensions\redhat.java-1.52.0-win32-x64\lombok\lombok-1.18.39-4050.jar -XX:+HeapDumpOnOutOfMemoryError -XX:HeapDumpPath=c:\Users\andre\AppData\Roaming\Antigravity\User\workspaceStorage\ad097c45b0b830acc1bdaa876132e141\redhat.java -Daether.dependencyCollector.impl=bf 
java_command: c:\Users\andre\.antigravity\extensions\redhat.java-1.52.0-win32-x64\server\plugins\org.eclipse.equinox.launcher_1.7.100.v20251111-0406.jar -configuration c:\Users\andre\AppData\Roaming\Antigravity\User\globalStorage\redhat.java\1.52.0\config_win -data c:\Users\andre\AppData\Roaming\Antigravity\User\workspaceStorage\ad097c45b0b830acc1bdaa876132e141\redhat.java\jdt_ws --pipe=\\.\pipe\lsp-e3bfe7f97cc1f26ad17e4beb2836e9bb-sock
java_class_path (initial): c:\Users\andre\.antigravity\extensions\redhat.java-1.52.0-win32-x64\server\plugins\org.eclipse.equinox.launcher_1.7.100.v20251111-0406.jar
Launcher Type: SUN_STANDARD

[Global flags]
    uintx AdaptiveSizePolicyWeight                 = 90                                        {product} {command line}
     intx CICompilerCount                          = 4                                         {product} {ergonomic}
    uintx GCTimeRatio                              = 4                                         {product} {command line}
     bool HeapDumpOnOutOfMemoryError               = true                                   {manageable} {command line}
    ccstr HeapDumpPath                             = c:\Users\andre\AppData\Roaming\Antigravity\User\workspaceStorage\ad097c45b0b830acc1bdaa876132e141\redhat.java         {manageable} {command line}
   size_t InitialHeapSize                          = 104857600                                 {product} {command line}
   size_t MaxHeapSize                              = 2147483648                                {product} {command line}
   size_t MaxNewSize                               = 715653120                                 {product} {ergonomic}
   size_t MinHeapDeltaBytes                        = 524288                                    {product} {ergonomic}
   size_t MinHeapSize                              = 104857600                                 {product} {command line}
   size_t NewSize                                  = 34603008                                  {product} {ergonomic}
    uintx NonNMethodCodeHeapSize                   = 5839372                                {pd product} {ergonomic}
    uintx NonProfiledCodeHeapSize                  = 122909434                              {pd product} {ergonomic}
   size_t OldSize                                  = 70254592                                  {product} {ergonomic}
    uintx ProfiledCodeHeapSize                     = 122909434                              {pd product} {ergonomic}
    uintx ReservedCodeCacheSize                    = 251658240                              {pd product} {ergonomic}
     bool SegmentedCodeCache                       = true                                      {product} {ergonomic}
   size_t SoftMaxHeapSize                          = 2147483648                             {manageable} {ergonomic}
     bool UseCompressedOops                        = true                           {product lp64_product} {ergonomic}
     bool UseLargePagesIndividualAllocation        = false                                  {pd product} {ergonomic}
     bool UseParallelGC                            = true                                      {product} {command line}

Logging:
Log output configuration:
 #0: stdout all=off uptime,level,tags foldmultilines=false
 #1: stderr all=off uptime,level,tags foldmultilines=false

Release file:
JAVA_VERSION="21.0.9" 
MODULES="java.base java.compiler java.datatransfer java.xml java.prefs java.desktop java.instrument java.logging java.management java.security.sasl java.naming java.rmi java.management.rmi java.net.http java.scripting java.security.jgss java.transaction.xa java.sql java.sql.rowset java.xml.crypto java.se java.smartcardio jdk.accessibility jdk.internal.jvmstat jdk.attach jdk.charsets jdk.internal.opt jdk.zipfs jdk.compiler jdk.crypto.ec jdk.crypto.cryptoki jdk.crypto.mscapi jdk.dynalink jdk.internal.ed jdk.editpad jdk.hotspot.agent jdk.httpserver jdk.internal.le jdk.internal.vm.ci jdk.internal.vm.compiler jdk.internal.vm.compiler.management jdk.jartool jdk.javadoc jdk.jcmd jdk.management jdk.management.agent jdk.jconsole jdk.jdeps jdk.jdwp.agent jdk.jdi jdk.jfr jdk.jshell jdk.jsobject jdk.jstatd jdk.localedata jdk.management.jfr jdk.naming.dns jdk.naming.rmi jdk.net jdk.nio.mapmode jdk.random jdk.sctp jdk.security.auth jdk.security.jgss jdk.unsupported jdk.unsupported.desktop jdk.xml.dom" 

Environment Variables:
JAVA_HOME=C:\Program Files\Java\jdk-21
PATH=C:\Program Files\Java\jdk-21\bin;C:\Program Files\Common Files\Oracle\Java\javapath;C:\Program Files (x86)\Common Files\Oracle\Java\java8path;C:\Program Files (x86)\Common Files\Oracle\Java\javapath;C:\Windows\system32;C:\Windows;C:\Windows\System32\Wbem;C:\Windows\System32\WindowsPowerShell\v1.0\;C:\Windows\System32\OpenSSH\;C:\Program Files (x86)\NVIDIA Corporation\PhysX\Common;C:\WINDOWS\system32;C:\WINDOWS;C:\WINDOWS\System32\Wbem;C:\WINDOWS\System32\WindowsPowerShell\v1.0\;C:\WINDOWS\System32\OpenSSH\;D:\apps\Mven\apache-maven-3.9.5-bin\apache-maven-3.9.5\bin;C:\Program Files\dotnet\;C:\FFMPEG;C:\Program Files (x86)\Microsoft SQL Server\160\Tools\Binn\;C:\Program Files\Microsoft SQL Server\160\Tools\Binn\;C:\Program Files\Microsoft SQL Server\Client SDK\ODBC\170\Tools\Binn\;C:\Program Files\Microsoft SQL Server\160\DTS\Binn\;C:\Program Files (x86)\Microsoft SQL Server\160\DTS\Binn\;C:\ProgramData\chocolatey\bin;D:\apps\Gradle\gradle-8.10.2-all\gradle-8.10.2\bin;C:\Program Files\NVIDIA Corporation\NVIDIA app\NvDLISR;C:\Users\andre\AppData\Local\Android\Sdk\platform-tools;C:\Users\andre\AppData\Local\Android\Sdk\tools;D:\apps\Flutter3.13.9\flutter_windows_3.13.9-stable\flutter\bin;C:\Program Files\PowerShell\7\;D:\apps\Git\installed\Git\cmd;C:\Program Files\nodejs\;C:\Program Files\Docker\Docker\resources\bin;C:\Program Files\Java\jdk-21\bin;C:\Users\andre\AppData\Local\Programs\Eclipse Adoptium\jdk-21.0.9.10-hotspot\bin;C:\Users\andre\AppData\Local\Programs\Python\Python310\Scripts\;C:\Users\andre\AppData\Local\Programs\Python\Python310\;D:\apps\Flutter3.13.9\flutter_windows_3.13.9-stable\flutter\bin;C:\Users\andre\AppData\Local\Programs\Python\Python311\Scripts\;C:\Users\andre\AppData\Local\Programs\Python\Python311\;C:\Users\andre\AppData\Local\Microsoft\WindowsApps;D:\apps\VStudio Code\installed\Microsoft VS Code\bin;C:\Users\andre\anaconda3\python312.zip;C:\Users\andre\anaconda3\DLLs;C:\Users\andre\AppData\Roaming\Python\Python312\site-packages;C:\Users\andre\anaconda3\Lib\site-packages;C:\Users\andre\anaconda3\Lib\site-packages\win32;C:\Users\andre\anaconda3\Lib\site-packages\win32\lib;C:\Users\andre\anaconda3\Lib\site-packages\Pythonwin;C:\Users\andre\AppData\Local\Programs\Python\Python310\Scripts;C:\Users\andre\AppData\Roaming\npm;C:\Users\andre\AppData\Local\Programs\Antigravity\bin
USERNAME=andre
OS=Windows_NT
PROCESSOR_IDENTIFIER=Intel64 Family 6 Model 165 Stepping 2, GenuineIntel
TMP=C:\Users\andre\AppData\Local\Temp
TEMP=C:\Users\andre\AppData\Local\Temp




Periodic native trim disabled

---------------  S Y S T E M  ---------------

OS:
 Windows 11 , 64 bit Build 26100 (10.0.26100.7623)
OS uptime: 0 days 2:17 hours
Hyper-V role detected

CPU: total 8 (initial active 8) (4 cores per cpu, 2 threads per core) family 6 model 165 stepping 2 microcode 0xe0, cx8, cmov, fxsr, ht, mmx, 3dnowpref, sse, sse2, sse3, ssse3, sse4.1, sse4.2, popcnt, lzcnt, tsc, tscinvbit, avx, avx2, aes, erms, clmul, bmi1, bmi2, adx, fma, vzeroupper, clflush, clflushopt, hv, rdtscp, f16c
Processor Information for the first 8 processors :
  Max Mhz: 2496, Current Mhz: 2496, Mhz Limit: 2496

Memory: 4k page, system-wide physical 16220M (1831M free)
TotalPageFile size 21191M (AvailPageFile size 48M)
current process WorkingSet (physical memory assigned to process): 399M, peak: 493M
current process commit charge ("private bytes"): 558M, peak: 561M

vm_info: OpenJDK 64-Bit Server VM (21.0.9+10-LTS) for windows-amd64 JRE (21.0.9+10-LTS), built on 2025-10-21T00:00:00Z by "admin" with unknown MS VC++:1942

END.
